[debug] [2026-02-28T13:33:43.803Z] ----------------------------------------------------------------------
[debug] [2026-02-28T13:33:43.820Z] Command:       C:\Program Files\nodejs\node.exe C:\Users\User\AppData\Roaming\npm\node_modules\firebase-tools\lib\bin\firebase.js apps:list WEB --project get-a-roof-fa009
[debug] [2026-02-28T13:33:43.821Z] CLI Version:   15.8.0
[debug] [2026-02-28T13:33:43.821Z] Platform:      win32
[debug] [2026-02-28T13:33:43.821Z] Node Version:  v22.17.1
[debug] [2026-02-28T13:33:43.822Z] Time:          Sat Feb 28 2026 14:33:43 GMT+0100 (West Africa Standard Time)
[debug] [2026-02-28T13:33:43.822Z] ----------------------------------------------------------------------
[debug] 
[debug] [2026-02-28T13:33:44.283Z] > command requires scopes: ["email","openid","https://www.googleapis.com/auth/cloudplatformprojects.readonly","https://www.googleapis.com/auth/firebase","https://www.googleapis.com/auth/cloud-platform"]
[debug] [2026-02-28T13:33:44.284Z] > authorizing via signed-in user (ogudavictor492@gmail.com)
[debug] [2026-02-28T13:33:44.292Z] Checked if tokens are valid: false, expires at: 1772286386509
[debug] [2026-02-28T13:33:44.292Z] Checked if tokens are valid: false, expires at: 1772286386509
[debug] [2026-02-28T13:33:44.293Z] > refreshing access token with scopes: []
[debug] [2026-02-28T13:33:44.300Z] >>> [apiv2][query] POST https://www.googleapis.com/oauth2/v3/token [none]
[debug] [2026-02-28T13:33:44.300Z] >>> [apiv2][body] POST https://www.googleapis.com/oauth2/v3/token [omitted]
[debug] [2026-02-28T13:33:44.979Z] <<< [apiv2][status] POST https://www.googleapis.com/oauth2/v3/token 200
[debug] [2026-02-28T13:33:44.980Z] <<< [apiv2][body] POST https://www.googleapis.com/oauth2/v3/token [omitted]
[debug] [2026-02-28T13:33:45.001Z] >>> [apiv2][query] GET https://firebase.googleapis.com/v1beta1/projects/get-a-roof-fa009/webApps pageSize=100
[debug] [2026-02-28T13:33:45.743Z] <<< [apiv2][status] GET https://firebase.googleapis.com/v1beta1/projects/get-a-roof-fa009/webApps 200
[debug] [2026-02-28T13:33:45.744Z] <<< [apiv2][body] GET https://firebase.googleapis.com/v1beta1/projects/get-a-roof-fa009/webApps {}
[info] No apps found.
